// Jest Snapshot v1, https://goo.gl/fbAQLP

exports[`snapshot 1`] = `"<span data-testid=\\"display-count\\">Vajutatud: 0</span>"`;
